// Jest Snapshot v1, https://goo.gl/fbAQLP

exports[`should render CardDetails correctly 1`] = `ShallowWrapper {}`;

exports[`should render CardDetails with alt data correctly 1`] = `ShallowWrapper {}`;
