// Jest Snapshot v1, https://goo.gl/fbAQLP

exports[`should render CarFiltersArea correctly 1`] = `ShallowWrapper {}`;

exports[`should render CarFiltersArea with alt data correctly 1`] = `ShallowWrapper {}`;
